#D:\code\git\Header_to_File\test\txt\pre.i
   5:  0:     type   :  vector<vector<int>::size_type>
   5: 31:     id     :  p
   5: 33:     schar  :  ;
   6:  1:     type   :  unsigned short
   6: 15:     schar  :  ,
   7:  1:     type   :  unsigned
   7:  9:     schar  :  ,
   8:  0:     type   :  signed
   8:  7:     schar  :  ,
   9:  0:     type   :  std::filesystem::path* const&
   9: 30:     schar  :  ,
  10:  0:     type   :  map<int>::size_type
  10: 20:     id     :  t
  10: 22:     schar  :  ;
  11:  0:     type   :   short
  11:  6:     id     :  i
  11:  9:     schar  :  =
  11: 10:     literal:  0
  11: 12:     schar  :  ;
  12:  1:     type   :   short int
  12: 11:     id     :  l
  12: 13:     key    :  const
  12: 20:     schar  :  ;
  13:  0:     type   :  const int
  13: 10:     id     :  nu
  13: 14:     schar  :  =
  13: 15:     literal:  0
  13: 17:     schar  :  ;
  14:  0:     type   :  const long
  14: 17:     schar  :  ,
  14: 18:     type   :   long int
  14: 27:     schar  :  ,
  14: 28:     key    :  const
  14: 34:     type   :   long long
  14: 44:     schar  :  ,
  14: 45:     type   :  const long long int
  14: 65:     schar  :  ,
  14: 66:     type   :  const long double
  14: 97:     schar  :  ,
  16:  1:     type   :  const Lex*
  16: 12:     id     :  l
  16: 14:     schar  :  ;
  17:  1:     type   :  LexerKind
  17: 10:     id     :  kind
  17: 15:     schar  :  ;
  18:  0:     type   :  Option*
  18:  8:     id     :  option
  18: 15:     schar  :  ;
  19:  0:     type   :  OptionBase&
  19: 12:     id     :  o
  19: 14:     schar  :  ;
  20:  0:     id     :  Ofsteam
  20:  8:     id     :  ofs
  20: 12:     schar  :  ;
  21:  0:     id     :  Ifstream
  21:  9:     id     :  ifs
  21: 13:     schar  :  ;
